// Jest Snapshot v1, https://goo.gl/fbAQLP

exports[`renders modal 1`] = `
<div
  className="petc-modal-overlay"
  onClick={[Function]}
>
  <div
    className="petc-modal custom-clss"
    onClick={[Function]}
  >
    <div
      id="inner"
    />
  </div>
</div>
`;
