// Jest Snapshot v1, https://goo.gl/fbAQLP

exports[`renders storeview 1`] = `
<pre
  id="petc-storeview"
>
  123
  <br />
  {
    "storeview": true,
    "isNodeMode": true
  }
  <hr />
  {
    "a": 1
  }
</pre>
`;
