// Jest Snapshot v1, https://goo.gl/fbAQLP

exports[`renders doc 1`] = `null`;

exports[`renders homepage 1`] = `
<div
  className="petc-homepage"
>
  <a
    href="#new"
    onClick={[Function]}
  >
    Create New
  </a>
</div>
`;
